===== RECOVERABILITY @ level 1 =====
  "1": {
    "n_turns": 24,
    "informed_recoverability_faithfulness": 0.896,
    "blinded_recoverability_independence": 0.917,
    "entanglement_gap": -0.021
  }
}
===== RECOVERABILITY @ level 2 =====
  "2": {
    "n_turns": 24,
    "informed_recoverability_faithfulness": 0.708,
    "blinded_recoverability_independence": 0.812,
    "entanglement_gap": -0.104
  }
}
===== RECOVERABILITY @ level 3 =====
  "3": {
    "n_turns": 27,
    "informed_recoverability_faithfulness": 0.407,
    "blinded_recoverability_independence": 0.389,
    "entanglement_gap": 0.019
  }
}
RECOV_DONE
